<html>
<body>
<pre>
<h1>µVision Build Log</h1>
<h2>Tool Versions:</h2>
IDE-Version: ¦ÌVision V5.36.0.0
Copyright (C) 2021 ARM Ltd and ARM Germany GmbH. All rights reserved.
License Information: ee 13675113681@163.com, ee, LIC=----
 
Tool Versions:
Toolchain:       MDK-Lite  Version: 5.36.0.0
Toolchain Path:  D:\Keil_v5\ARM\ARMCC\Bin
C Compiler:      Armcc.exe V5.06 update 7 (build 960)
Assembler:       Armasm.exe V5.06 update 7 (build 960)
Linker/Locator:  ArmLink.exe V5.06 update 7 (build 960)
Library Manager: ArmAr.exe V5.06 update 7 (build 960)
Hex Converter:   FromElf.exe V5.06 update 7 (build 960)
CPU DLL:         SARMCM3.DLL V5.36.0.0
Dialog DLL:      DCM.DLL V1.17.3.0
Target DLL:      UL2CM3.DLL V1.164.0.0
Dialog DLL:      TCM.DLL V1.53.0.0
 
<h2>Project:</h2>
E:\Stored\Project\SchoolTrackingCar\SOFTWARE\main\learn.uvprojx
Project File Date:  03/07/2025

<h2>Output:</h2>
*** Using Compiler 'V5.06 update 7 (build 960)', folder: 'D:\Keil_v5\ARM\ARMCC\Bin'
Build target 'Target 1'
compiling ctl.c...
.\INCLUDE\ctl.h(6): warning:  #1295-D: Deprecated declaration Ctl_Init - give arg types
  void Ctl_Init();
.\INCLUDE\ctl.h(7): warning:  #1295-D: Deprecated declaration TraceFlowCtlLoop - give arg types
  void TraceFlowCtlLoop();
.\INCLUDE\ctl.h(8): warning:  #1295-D: Deprecated declaration ServoMotorCtlLoop - give arg types
  void ServoMotorCtlLoop();
.\INCLUDE\ctl.h(10): warning:  #1-D: last line of file ends without a newline
  #endif
.\INCLUDE\sys.h(65): warning:  #1-D: last line of file ends without a newline
  #endif
.\INCLUDE\74HC165.h(16): warning:  #1-D: last line of file ends without a newline
  #endif
.\INCLUDE\mg996r.h(6): warning:  #1295-D: Deprecated declaration mg996r_Init - give arg types
  void mg996r_Init();
.\INCLUDE\mg996r.h(10): warning:  #1-D: last line of file ends without a newline
  #endif
.\INCLUDE\encoder.h(13): warning:  #1295-D: Deprecated declaration Encoder_Init - give arg types
  void Encoder_Init();
.\INCLUDE\encoder.h(14): warning:  #1295-D: Deprecated declaration readEncoder1 - give arg types
  uint16_t readEncoder1();
.\INCLUDE\encoder.h(15): warning:  #1295-D: Deprecated declaration readEncoder2 - give arg types
  uint16_t readEncoder2();
.\INCLUDE\time.h(11): warning:  #1-D: last line of file ends without a newline
  #endif
.\INCLUDE\motor.h(20): warning:  #1295-D: Deprecated declaration allMotorInit - give arg types
  void allMotorInit();
.\INCLUDE\motor.h(25): warning:  #1-D: last line of file ends without a newline
  #endif
.\INCLUDE\led.h(13): warning:  #1-D: last line of file ends without a newline
  #endif
LIB\ctl.c(229): warning:  #940-D: missing return statement at end of non-void function "GetTraceWay" 
  }
LIB\ctl.c(286): warning:  #546-D: transfer of control bypasses initialization of:
            variable "ratio"  (declared at line 290)
  		switch(way){
  		^
LIB\ctl.c(315): warning:  #1-D: last line of file ends without a newline
  }
LIB\ctl.c(13): warning:  #177-D: variable "FLOW_STEP"  was declared but never referenced
  static uint8_t FLOW_STEP = 0;
LIB\ctl.c(15): warning:  #177-D: variable "STEP_STAT"  was declared but never referenced
  static uint8_t STEP_STAT = 1;
LIB\ctl.c: 20 warnings, 0 errors
linking...
Program Size: Code=11600 RO-data=640 RW-data=92 ZI-data=1284  
FromELF: creating hex file...
".\Objects\learn.axf" - 0 Error(s), 20 Warning(s).

<h2>Software Packages used:</h2>

Package Vendor: Keil
                http://www.keil.com/pack/Keil.STM32F1xx_DFP.2.2.0.pack
                Keil.STM32F1xx_DFP.2.2.0
                STMicroelectronics STM32F1 Series Device Support, Drivers and Examples

<h2>Collection of Component include folders:</h2>
  D:\Arm\Packs\Keil\STM32F1xx_DFP\2.2.0\Device\Include

<h2>Collection of Component Files used:</h2>
Build Time Elapsed:  00:00:01
</pre>
</body>
</html>
